// Vitest Snapshot v1, https://vitest.dev/guide/snapshot.html

exports[`Home component snapshot > Renders correctly 1`] = `
<div>
  <header
    class="_header_5cbdfa"
  >
    <div
      class="_intro_5cbdfa"
    >
      <h1>
        Hello World, from 
        <span>
          tech
        </span>
        itEasy !
      </h1>
      <p>
        This is a public technical blog where you can learn, discuss and share your knowledge.
      </p>
      <p>
        Feel free to
         
        <a
          class="_link_5cbdfa"
          data-discover="true"
          href="/posts"
        >
          browse
        </a>
         
        latest technical posts or go ahead and
         
        <button
          class="signupBtn"
        >
          create an account
        </button>
         
        to start sharing your knowlege.
      </p>
      <p>
        Already have an account?
         
        <button
          class="loginBtn"
        >
          login.
        </button>
      </p>
    </div>
    <div
      class="_latestBlogs_5cbdfa"
    >
      <div
        class="_title_5cbdfa"
      >
        <p>
          Latest blogs
        </p>
         
        <p>
          <a
            class="_link_5cbdfa"
            data-discover="true"
            href="/posts"
          >
            view all
          </a>
        </p>
      </div>
      <div
        class="_content_5cbdfa"
      >
        <div
          class="_loading_5cbdfa"
        >
          <img
            alt=""
            src="data:image/svg+xml,%3csvg%20xmlns='http://www.w3.org/2000/svg'%20viewBox='0%200%2024%2024'%3e%3cpath%20d='M12,4V2A10,10%200%200,0%202,12H4A8,8%200%200,1%2012,4Z'%20/%3e%3c/svg%3e"
          />
        </div>
      </div>
    </div>
  </header>
  <dialog
    class="_signupDialog_5cbdfa"
  >
    <div
      class="_container_5cbdfa"
    >
      <button
        class="_closeBtn_5cbdfa"
      >
        X
      </button>
      <h2>
        Sign Up
      </h2>
      <form
        class="_signupForm_4cdfeb"
        novalidate=""
      >
        <div
          class="_formControl_216ca8"
        >
          <label
            class="_label_216ca8"
            for="firstName"
          >
            <span>
              First Name
              <span
                class="_requiredAsterisk_216ca8"
              >
                *
              </span>
               
            </span>
            <input
              autocomplete="given-name"
              class="_input_216ca8"
              id="firstName"
              name="firstName"
              placeholder=""
              type="text"
            />
          </label>
        </div>
        <div
          class="_formControl_216ca8"
        >
          <label
            class="_label_216ca8"
            for="lastName"
          >
            <span>
              Last Name
              <span
                class="_requiredAsterisk_216ca8"
              >
                *
              </span>
               
            </span>
            <input
              autocomplete="family-name"
              class="_input_216ca8"
              id="lastName"
              name="lastName"
              placeholder=""
              type="text"
            />
          </label>
        </div>
        <div
          class="_formControl_216ca8"
        >
          <label
            class="_label_216ca8"
            for="email"
          >
            <span>
              Email
              <span
                class="_requiredAsterisk_216ca8"
              >
                *
              </span>
               
            </span>
            <input
              autocomplete="email"
              class="_input_216ca8"
              id="email"
              name="email"
              placeholder=""
              type="email"
            />
          </label>
        </div>
        <div
          class="_formControl_216ca8"
        >
          <label
            class="_label_216ca8"
            for="password"
          >
            <span>
              Password
              <span
                class="_requiredAsterisk_216ca8"
              >
                *
              </span>
               
            </span>
            <input
              autocomplete="new-password"
              class="_input_216ca8"
              id="password"
              name="password"
              placeholder=""
              type="password"
            />
          </label>
        </div>
        <div
          class="_formControl_216ca8"
        >
          <label
            class="_label_216ca8"
            for="passwordConfirmation"
          >
            <span>
              Password Confirmation
              <span
                class="_requiredAsterisk_216ca8"
              >
                *
              </span>
               
            </span>
            <input
              autocomplete="new-password"
              class="_input_216ca8"
              id="passwordConfirmation"
              name="passwordConfirmation"
              placeholder=""
              type="password"
            />
          </label>
        </div>
        <div
          class="_formControl_4cdfeb"
        >
          <button
            class="_submitBtn_4cdfeb"
          >
            Sign Up
          </button>
        </div>
      </form>
    </div>
  </dialog>
</div>
`;
